                                      1 ;--------------------------------------------------------
                                      2 ; File Created by SDCC : free open source ANSI-C Compiler
                                      3 ; Version 3.9.1 #11255 (Linux)
                                      4 ;--------------------------------------------------------
                                      5 	.module _fs2uint
                                      6 	.optsdcc -mpdk13
                                      7 	
                                      8 
                                      9 ; default segment ordering in RAM for linker
                                     10 	.area DATA
                                     11 	.area OSEG (OVR,DATA)
                                     12 
                                     13 ;--------------------------------------------------------
                                     14 ; Public variables in this module
                                     15 ;--------------------------------------------------------
                                     16 	.globl ___fs2ulong
                                     17 	.globl ___fs2uint_PARM_1
                                     18 	.globl ___fs2uint
                                     19 ;--------------------------------------------------------
                                     20 ; special function registers
                                     21 ;--------------------------------------------------------
                                     22 	.area RSEG (ABS)
      000000                         23 	.org 0x0000
                                     24 ;--------------------------------------------------------
                                     25 ; ram data
                                     26 ;--------------------------------------------------------
                                     27 	.area DATA
      000000                         28 ___fs2uint_PARM_1:
      000000                         29 	.ds 4
      000004                         30 ___fs2uint_sloc0_1_0:
      000004                         31 	.ds 4
      000008                         32 ___fs2uint_sloc1_1_0:
      000008                         33 	.ds 4
                                     34 ;--------------------------------------------------------
                                     35 ; overlayable items in ram 
                                     36 ;--------------------------------------------------------
                                     37 ;--------------------------------------------------------
                                     38 ; absolute external ram data
                                     39 ;--------------------------------------------------------
                                     40 	.area DABS (ABS)
                                     41 ;--------------------------------------------------------
                                     42 ; global & static initialisations
                                     43 ;--------------------------------------------------------
                                     44 	.area HOME
                                     45 	.area GSINIT
                                     46 	.area GSFINAL
                                     47 	.area GSINIT
                                     48 ;--------------------------------------------------------
                                     49 ; Home
                                     50 ;--------------------------------------------------------
                                     51 	.area HOME
                                     52 	.area HOME
                                     53 ;--------------------------------------------------------
                                     54 ; code
                                     55 ;--------------------------------------------------------
                                     56 	.area CODE
                                     57 ;	../_fs2uint.c: 54: unsigned int __fs2uint (float f)
                                     58 ;	-----------------------------------------
                                     59 ;	 function __fs2uint
                                     60 ;	-----------------------------------------
      000000                         61 ___fs2uint:
                                     62 ;	../_fs2uint.c: 56: unsigned long ul=__fs2ulong(f);
      000000r80r0F                   63 	mov	a, ___fs2uint_PARM_1+0
      000002r80r0B                   64 	mov	___fs2ulong_PARM_1+0, a
      000004r81r0F                   65 	mov	a, ___fs2uint_PARM_1+1
      000006r81r0B                   66 	mov	___fs2ulong_PARM_1+1, a
      000008r82r0F                   67 	mov	a, ___fs2uint_PARM_1+2
      00000Ar82r0B                   68 	mov	___fs2ulong_PARM_1+2, a
      00000Cr83r0F                   69 	mov	a, ___fs2uint_PARM_1+3
      00000Er83r0B                   70 	mov	___fs2ulong_PARM_1+3, a
      000010r04r2F                   71 	mov	a, #___fs2uint_sloc0_1_0
      000012 72 00                   72 	push	af
      000014r00r38                   73 	call	___fs2ulong
      000016 C2 01                   74 	mov	a, sp
      000018 FE 28                   75 	add	a, #-2
      00001A 82 01                   76 	mov	sp, a
      00001Cr84r0F                   77 	mov	a, ___fs2uint_sloc0_1_0+0
      00001Er88r0B                   78 	mov	___fs2uint_sloc1_1_0+0, a
      000020r85r0F                   79 	mov	a, ___fs2uint_sloc0_1_0+1
      000022r89r0B                   80 	mov	___fs2uint_sloc1_1_0+1, a
      000024r86r0F                   81 	mov	a, ___fs2uint_sloc0_1_0+2
      000026r8Ar0B                   82 	mov	___fs2uint_sloc1_1_0+2, a
      000028r87r0F                   83 	mov	a, ___fs2uint_sloc0_1_0+3
      00002Ar8Br0B                   84 	mov	___fs2uint_sloc1_1_0+3, a
                                     85 ;	../_fs2uint.c: 57: if (ul>=UINT_MAX) return UINT_MAX;
      00002Cr88r0F                   86 	mov	a, ___fs2uint_sloc1_1_0+0
      00002E FF 29                   87 	sub	a, #0xff
      000030 FF 2F                   88 	mov	a, #0xff
      000032r80r0B                   89 	mov	p, a
      000034r89r0F                   90 	mov	a, ___fs2uint_sloc1_1_0+1
      000036r80r0D                   91 	subc	a, p
      000038r8Ar0F                   92 	mov	a, ___fs2uint_sloc1_1_0+2
      00003A 61 00                   93 	subc	a
      00003Cr8Br0F                   94 	mov	a, ___fs2uint_sloc1_1_0+3
      00003E 61 00                   95 	subc	a
      000040 40 18                   96 	t0sn	f, c
      000042r4Ar30                   97 	goto	00102$
      000044 FF 2F                   98 	mov	a, #0xff
      000046r80r0B                   99 	mov	p, a
      000048 FF 02                  100 	ret	#0xff
      00004A                        101 00102$:
                                    102 ;	../_fs2uint.c: 58: return ul;
      00004Ar89r0F                  103 	mov	a, ___fs2uint_sloc1_1_0+1
      00004Cr80r0B                  104 	mov	p, a
      00004Er88r0F                  105 	mov	a, ___fs2uint_sloc1_1_0+0
                                    106 ;	../_fs2uint.c: 59: }
      000050 7A 00                  107 	ret
                                    108 	.area CODE
                                    109 	.area CONST
                                    110 	.area CABS (ABS)
