                                      1 ;--------------------------------------------------------
                                      2 ; File Created by SDCC : free open source ANSI-C Compiler
                                      3 ; Version 3.9.1 #11255 (Linux)
                                      4 ;--------------------------------------------------------
                                      5 	.module _modslonglong
                                      6 	.optsdcc -mpdk13
                                      7 	
                                      8 
                                      9 ; default segment ordering in RAM for linker
                                     10 	.area DATA
                                     11 	.area OSEG (OVR,DATA)
                                     12 
                                     13 ;--------------------------------------------------------
                                     14 ; Public variables in this module
                                     15 ;--------------------------------------------------------
                                     16 	.globl __modslonglong_PARM_2
                                     17 	.globl __modslonglong_PARM_1
                                     18 	.globl __modslonglong
                                     19 ;--------------------------------------------------------
                                     20 ; special function registers
                                     21 ;--------------------------------------------------------
                                     22 	.area RSEG (ABS)
      000000                         23 	.org 0x0000
                                     24 ;--------------------------------------------------------
                                     25 ; ram data
                                     26 ;--------------------------------------------------------
                                     27 	.area DATA
      000000                         28 __modslonglong_PARM_1:
      000000                         29 	.ds 8
      000008                         30 __modslonglong_PARM_2:
      000008                         31 	.ds 8
      000010                         32 __modslonglong_sloc0_1_0:
      000010                         33 	.ds 8
      000018                         34 __modslonglong_sloc1_1_0:
      000018                         35 	.ds 1
      000019                         36 __modslonglong_sloc2_1_0:
      000019                         37 	.ds 8
      000021                         38 __modslonglong_sloc3_1_0:
      000021                         39 	.ds 8
                                     40 ;--------------------------------------------------------
                                     41 ; overlayable items in ram 
                                     42 ;--------------------------------------------------------
                                     43 ;--------------------------------------------------------
                                     44 ; absolute external ram data
                                     45 ;--------------------------------------------------------
                                     46 	.area DABS (ABS)
                                     47 ;--------------------------------------------------------
                                     48 ; global & static initialisations
                                     49 ;--------------------------------------------------------
                                     50 	.area HOME
                                     51 	.area GSINIT
                                     52 	.area GSFINAL
                                     53 	.area GSINIT
                                     54 ;--------------------------------------------------------
                                     55 ; Home
                                     56 ;--------------------------------------------------------
                                     57 	.area HOME
                                     58 	.area HOME
                                     59 ;--------------------------------------------------------
                                     60 ; code
                                     61 ;--------------------------------------------------------
                                     62 	.area CODE
                                     63 ;	../_modslonglong.c: 36: _modslonglong (long long numerator, long long denominator)
                                     64 ;	-----------------------------------------
                                     65 ;	 function _modslonglong
                                     66 ;	-----------------------------------------
      000000                         67 __modslonglong:
                                     68 ;	../_modslonglong.c: 38: bool numeratorneg = (numerator < 0);
      000000r87r0F                   69 	mov	a, __modslonglong_PARM_1+7
      000002 6B 00                   70 	sl	a
      000004 00 2F                   71 	mov	a, #0x00
      000006 6D 00                   72 	slc	a
      000008r98r0B                   73 	mov	__modslonglong_sloc1_1_0+0, a
                                     74 ;	../_modslonglong.c: 39: bool denominatorneg = (denominator < 0);
      00000Ar8Fr0F                   75 	mov	a, __modslonglong_PARM_2+7
      00000C 6B 00                   76 	sl	a
      00000E 00 2F                   77 	mov	a, #0x00
      000010 6D 00                   78 	slc	a
      000012r80r0B                   79 	mov	p, a
                                     80 ;	../_modslonglong.c: 42: if (numeratorneg)
      000014r98r0F                   81 	mov	a, __modslonglong_sloc1_1_0+0
      000016 00 2B                   82 	cneqsn	a, #0x00
      000018r4Ar30                   83 	goto	00102$
                                     84 ;	../_modslonglong.c: 43: numerator = -numerator;
      00001A 00 2F                   85 	mov	a, #0x00
      00001Cr80r0C                   86 	sub	a, __modslonglong_PARM_1+0
      00001Er80r0B                   87 	mov	__modslonglong_PARM_1+0, a
      000020 00 2F                   88 	mov	a, #0x00
      000022r81r0D                   89 	subc	a, __modslonglong_PARM_1+1
      000024r81r0B                   90 	mov	__modslonglong_PARM_1+1, a
      000026 00 2F                   91 	mov	a, #0x00
      000028r82r0D                   92 	subc	a, __modslonglong_PARM_1+2
      00002Ar82r0B                   93 	mov	__modslonglong_PARM_1+2, a
      00002C 00 2F                   94 	mov	a, #0x00
      00002Er83r0D                   95 	subc	a, __modslonglong_PARM_1+3
      000030r83r0B                   96 	mov	__modslonglong_PARM_1+3, a
      000032 00 2F                   97 	mov	a, #0x00
      000034r84r0D                   98 	subc	a, __modslonglong_PARM_1+4
      000036r84r0B                   99 	mov	__modslonglong_PARM_1+4, a
      000038 00 2F                  100 	mov	a, #0x00
      00003Ar85r0D                  101 	subc	a, __modslonglong_PARM_1+5
      00003Cr85r0B                  102 	mov	__modslonglong_PARM_1+5, a
      00003E 00 2F                  103 	mov	a, #0x00
      000040r86r0D                  104 	subc	a, __modslonglong_PARM_1+6
      000042r86r0B                  105 	mov	__modslonglong_PARM_1+6, a
      000044 00 2F                  106 	mov	a, #0x00
      000046r87r0D                  107 	subc	a, __modslonglong_PARM_1+7
      000048r87r0B                  108 	mov	__modslonglong_PARM_1+7, a
      00004A                        109 00102$:
                                    110 ;	../_modslonglong.c: 44: if (denominatorneg)
      00004Ar80r0F                  111 	mov	a, p
      00004C 00 2B                  112 	cneqsn	a, #0x00
      00004Er80r30                  113 	goto	00104$
                                    114 ;	../_modslonglong.c: 45: denominator = -denominator;
      000050 00 2F                  115 	mov	a, #0x00
      000052r88r0C                  116 	sub	a, __modslonglong_PARM_2+0
      000054r88r0B                  117 	mov	__modslonglong_PARM_2+0, a
      000056 00 2F                  118 	mov	a, #0x00
      000058r89r0D                  119 	subc	a, __modslonglong_PARM_2+1
      00005Ar89r0B                  120 	mov	__modslonglong_PARM_2+1, a
      00005C 00 2F                  121 	mov	a, #0x00
      00005Er8Ar0D                  122 	subc	a, __modslonglong_PARM_2+2
      000060r8Ar0B                  123 	mov	__modslonglong_PARM_2+2, a
      000062 00 2F                  124 	mov	a, #0x00
      000064r8Br0D                  125 	subc	a, __modslonglong_PARM_2+3
      000066r8Br0B                  126 	mov	__modslonglong_PARM_2+3, a
      000068 00 2F                  127 	mov	a, #0x00
      00006Ar8Cr0D                  128 	subc	a, __modslonglong_PARM_2+4
      00006Cr8Cr0B                  129 	mov	__modslonglong_PARM_2+4, a
      00006E 00 2F                  130 	mov	a, #0x00
      000070r8Dr0D                  131 	subc	a, __modslonglong_PARM_2+5
      000072r8Dr0B                  132 	mov	__modslonglong_PARM_2+5, a
      000074 00 2F                  133 	mov	a, #0x00
      000076r8Er0D                  134 	subc	a, __modslonglong_PARM_2+6
      000078r8Er0B                  135 	mov	__modslonglong_PARM_2+6, a
      00007A 00 2F                  136 	mov	a, #0x00
      00007Cr8Fr0D                  137 	subc	a, __modslonglong_PARM_2+7
      00007Er8Fr0B                  138 	mov	__modslonglong_PARM_2+7, a
      000080                        139 00104$:
                                    140 ;	../_modslonglong.c: 47: r = (unsigned long long)numerator % (unsigned long long)denominator;
      000080r80r0F                  141 	mov	a, __modslonglong_PARM_1+0
      000082r80r0B                  142 	mov	__modulonglong_PARM_1+0, a
      000084r81r0F                  143 	mov	a, __modslonglong_PARM_1+1
      000086r81r0B                  144 	mov	__modulonglong_PARM_1+1, a
      000088r82r0F                  145 	mov	a, __modslonglong_PARM_1+2
      00008Ar82r0B                  146 	mov	__modulonglong_PARM_1+2, a
      00008Cr83r0F                  147 	mov	a, __modslonglong_PARM_1+3
      00008Er83r0B                  148 	mov	__modulonglong_PARM_1+3, a
      000090r84r0F                  149 	mov	a, __modslonglong_PARM_1+4
      000092r84r0B                  150 	mov	__modulonglong_PARM_1+4, a
      000094r85r0F                  151 	mov	a, __modslonglong_PARM_1+5
      000096r85r0B                  152 	mov	__modulonglong_PARM_1+5, a
      000098r86r0F                  153 	mov	a, __modslonglong_PARM_1+6
      00009Ar86r0B                  154 	mov	__modulonglong_PARM_1+6, a
      00009Cr87r0F                  155 	mov	a, __modslonglong_PARM_1+7
      00009Er87r0B                  156 	mov	__modulonglong_PARM_1+7, a
      0000A0r88r0F                  157 	mov	a, __modslonglong_PARM_2+0
      0000A2r80r0B                  158 	mov	__modulonglong_PARM_2+0, a
      0000A4r89r0F                  159 	mov	a, __modslonglong_PARM_2+1
      0000A6r81r0B                  160 	mov	__modulonglong_PARM_2+1, a
      0000A8r8Ar0F                  161 	mov	a, __modslonglong_PARM_2+2
      0000AAr82r0B                  162 	mov	__modulonglong_PARM_2+2, a
      0000ACr8Br0F                  163 	mov	a, __modslonglong_PARM_2+3
      0000AEr83r0B                  164 	mov	__modulonglong_PARM_2+3, a
      0000B0r8Cr0F                  165 	mov	a, __modslonglong_PARM_2+4
      0000B2r84r0B                  166 	mov	__modulonglong_PARM_2+4, a
      0000B4r8Dr0F                  167 	mov	a, __modslonglong_PARM_2+5
      0000B6r85r0B                  168 	mov	__modulonglong_PARM_2+5, a
      0000B8r8Er0F                  169 	mov	a, __modslonglong_PARM_2+6
      0000BAr86r0B                  170 	mov	__modulonglong_PARM_2+6, a
      0000BCr8Fr0F                  171 	mov	a, __modslonglong_PARM_2+7
      0000BEr87r0B                  172 	mov	__modulonglong_PARM_2+7, a
      0000C0r10r2F                  173 	mov	a, #__modslonglong_sloc0_1_0
      0000C2 72 00                  174 	push	af
      0000C4r00r38                  175 	call	__modulonglong
      0000C6 C2 01                  176 	mov	a, sp
      0000C8 FE 28                  177 	add	a, #-2
      0000CA 82 01                  178 	mov	sp, a
      0000CCr90r0F                  179 	mov	a, __modslonglong_sloc0_1_0+0
      0000CEr99r0B                  180 	mov	__modslonglong_sloc2_1_0+0, a
      0000D0r91r0F                  181 	mov	a, __modslonglong_sloc0_1_0+1
      0000D2r9Ar0B                  182 	mov	__modslonglong_sloc2_1_0+1, a
      0000D4r92r0F                  183 	mov	a, __modslonglong_sloc0_1_0+2
      0000D6r9Br0B                  184 	mov	__modslonglong_sloc2_1_0+2, a
      0000D8r93r0F                  185 	mov	a, __modslonglong_sloc0_1_0+3
      0000DAr9Cr0B                  186 	mov	__modslonglong_sloc2_1_0+3, a
      0000DCr94r0F                  187 	mov	a, __modslonglong_sloc0_1_0+4
      0000DEr9Dr0B                  188 	mov	__modslonglong_sloc2_1_0+4, a
      0000E0r95r0F                  189 	mov	a, __modslonglong_sloc0_1_0+5
      0000E2r9Er0B                  190 	mov	__modslonglong_sloc2_1_0+5, a
      0000E4r96r0F                  191 	mov	a, __modslonglong_sloc0_1_0+6
      0000E6r9Fr0B                  192 	mov	__modslonglong_sloc2_1_0+6, a
      0000E8r97r0F                  193 	mov	a, __modslonglong_sloc0_1_0+7
      0000EArA0r0B                  194 	mov	__modslonglong_sloc2_1_0+7, a
                                    195 ;	../_modslonglong.c: 49: return (numeratorneg ? -r : r);
      0000ECr98r0F                  196 	mov	a, __modslonglong_sloc1_1_0+0
      0000EE 00 2B                  197 	cneqsn	a, #0x00
      0000F0r24r31                  198 	goto	00107$
      0000F2 00 2F                  199 	mov	a, #0x00
      0000F4r99r0C                  200 	sub	a, __modslonglong_sloc2_1_0+0
      0000F6rA1r0B                  201 	mov	__modslonglong_sloc3_1_0+0, a
      0000F8 00 2F                  202 	mov	a, #0x00
      0000FAr9Ar0D                  203 	subc	a, __modslonglong_sloc2_1_0+1
      0000FCrA2r0B                  204 	mov	__modslonglong_sloc3_1_0+1, a
      0000FE 00 2F                  205 	mov	a, #0x00
      000100r9Br0D                  206 	subc	a, __modslonglong_sloc2_1_0+2
      000102rA3r0B                  207 	mov	__modslonglong_sloc3_1_0+2, a
      000104 00 2F                  208 	mov	a, #0x00
      000106r9Cr0D                  209 	subc	a, __modslonglong_sloc2_1_0+3
      000108rA4r0B                  210 	mov	__modslonglong_sloc3_1_0+3, a
      00010A 00 2F                  211 	mov	a, #0x00
      00010Cr9Dr0D                  212 	subc	a, __modslonglong_sloc2_1_0+4
      00010ErA5r0B                  213 	mov	__modslonglong_sloc3_1_0+4, a
      000110 00 2F                  214 	mov	a, #0x00
      000112r9Er0D                  215 	subc	a, __modslonglong_sloc2_1_0+5
      000114rA6r0B                  216 	mov	__modslonglong_sloc3_1_0+5, a
      000116 00 2F                  217 	mov	a, #0x00
      000118r9Fr0D                  218 	subc	a, __modslonglong_sloc2_1_0+6
      00011ArA7r0B                  219 	mov	__modslonglong_sloc3_1_0+6, a
      00011C 00 2F                  220 	mov	a, #0x00
      00011ErA0r0D                  221 	subc	a, __modslonglong_sloc2_1_0+7
      000120rA8r0B                  222 	mov	__modslonglong_sloc3_1_0+7, a
      000122r44r31                  223 	goto	00108$
      000124                        224 00107$:
      000124r99r0F                  225 	mov	a, __modslonglong_sloc2_1_0+0
      000126rA1r0B                  226 	mov	__modslonglong_sloc3_1_0+0, a
      000128r9Ar0F                  227 	mov	a, __modslonglong_sloc2_1_0+1
      00012ArA2r0B                  228 	mov	__modslonglong_sloc3_1_0+1, a
      00012Cr9Br0F                  229 	mov	a, __modslonglong_sloc2_1_0+2
      00012ErA3r0B                  230 	mov	__modslonglong_sloc3_1_0+2, a
      000130r9Cr0F                  231 	mov	a, __modslonglong_sloc2_1_0+3
      000132rA4r0B                  232 	mov	__modslonglong_sloc3_1_0+3, a
      000134r9Dr0F                  233 	mov	a, __modslonglong_sloc2_1_0+4
      000136rA5r0B                  234 	mov	__modslonglong_sloc3_1_0+4, a
      000138r9Er0F                  235 	mov	a, __modslonglong_sloc2_1_0+5
      00013ArA6r0B                  236 	mov	__modslonglong_sloc3_1_0+5, a
      00013Cr9Fr0F                  237 	mov	a, __modslonglong_sloc2_1_0+6
      00013ErA7r0B                  238 	mov	__modslonglong_sloc3_1_0+6, a
      000140rA0r0F                  239 	mov	a, __modslonglong_sloc2_1_0+7
      000142rA8r0B                  240 	mov	__modslonglong_sloc3_1_0+7, a
      000144                        241 00108$:
      000144 C2 01                  242 	mov	a, sp
      000146 FC 28                  243 	add	a, #0xfc
      000148r80r0B                  244 	mov	p, a
      00014Ar81r03                  245 	idxm	a, p
      00014Cr80r0B                  246 	mov	p, a
      00014ErA1r0F                  247 	mov	a, __modslonglong_sloc3_1_0+0
      000150r80r03                  248 	idxm	p, a
      000152r00r12                  249 	inc	p
      000154rA2r0F                  250 	mov	a, __modslonglong_sloc3_1_0+1
      000156r80r03                  251 	idxm	p, a
      000158r00r12                  252 	inc	p
      00015ArA3r0F                  253 	mov	a, __modslonglong_sloc3_1_0+2
      00015Cr80r03                  254 	idxm	p, a
      00015Er00r12                  255 	inc	p
      000160rA4r0F                  256 	mov	a, __modslonglong_sloc3_1_0+3
      000162r80r03                  257 	idxm	p, a
      000164r00r12                  258 	inc	p
      000166rA5r0F                  259 	mov	a, __modslonglong_sloc3_1_0+4
      000168r80r03                  260 	idxm	p, a
      00016Ar00r12                  261 	inc	p
      00016CrA6r0F                  262 	mov	a, __modslonglong_sloc3_1_0+5
      00016Er80r03                  263 	idxm	p, a
      000170r00r12                  264 	inc	p
      000172rA7r0F                  265 	mov	a, __modslonglong_sloc3_1_0+6
      000174r80r03                  266 	idxm	p, a
      000176r00r12                  267 	inc	p
      000178rA8r0F                  268 	mov	a, __modslonglong_sloc3_1_0+7
      00017Ar80r03                  269 	idxm	p, a
                                    270 ;	../_modslonglong.c: 50: }
      00017C 7A 00                  271 	ret
                                    272 	.area CODE
                                    273 	.area CONST
                                    274 	.area CABS (ABS)
