                                      1 ;--------------------------------------------------------
                                      2 ; File Created by SDCC : free open source ANSI-C Compiler
                                      3 ; Version 3.9.1 #11255 (Linux)
                                      4 ;--------------------------------------------------------
                                      5 	.module isblank
                                      6 	.optsdcc -mpdk13
                                      7 	
                                      8 
                                      9 ; default segment ordering in RAM for linker
                                     10 	.area DATA
                                     11 	.area OSEG (OVR,DATA)
                                     12 
                                     13 ;--------------------------------------------------------
                                     14 ; Public variables in this module
                                     15 ;--------------------------------------------------------
                                     16 	.globl _isblank_PARM_1
                                     17 	.globl _isblank
                                     18 ;--------------------------------------------------------
                                     19 ; special function registers
                                     20 ;--------------------------------------------------------
                                     21 	.area RSEG (ABS)
      000000                         22 	.org 0x0000
                                     23 ;--------------------------------------------------------
                                     24 ; ram data
                                     25 ;--------------------------------------------------------
                                     26 	.area DATA
      000000                         27 _isblank_PARM_1:
      000000                         28 	.ds 2
                                     29 ;--------------------------------------------------------
                                     30 ; overlayable items in ram 
                                     31 ;--------------------------------------------------------
                                     32 ;--------------------------------------------------------
                                     33 ; absolute external ram data
                                     34 ;--------------------------------------------------------
                                     35 	.area DABS (ABS)
                                     36 ;--------------------------------------------------------
                                     37 ; global & static initialisations
                                     38 ;--------------------------------------------------------
                                     39 	.area HOME
                                     40 	.area GSINIT
                                     41 	.area GSFINAL
                                     42 	.area GSINIT
                                     43 ;--------------------------------------------------------
                                     44 ; Home
                                     45 ;--------------------------------------------------------
                                     46 	.area HOME
                                     47 	.area HOME
                                     48 ;--------------------------------------------------------
                                     49 ; code
                                     50 ;--------------------------------------------------------
                                     51 	.area CODE
                                     52 ;	./../../include/ctype.h: 51: inline int isblank (int c)
                                     53 ;	-----------------------------------------
                                     54 ;	 function isblank
                                     55 ;	-----------------------------------------
      000000                         56 _isblank:
                                     57 ;	./../../include/ctype.h: 53: return ((unsigned char)c == ' ' || (unsigned char)c == '\t');
      000000r80r0F                   58 	mov	a, _isblank_PARM_1+0
      000002 20 2B                   59 	cneqsn	a, #0x20
      000004r0Er30                   60 	goto	00104$
      000006 09 2B                   61 	cneqsn	a, #0x09
      000008r0Er30                   62 	goto	00104$
      00000Ar00r13                   63 	clear	p
      00000Cr12r30                   64 	goto	00105$
      00000E                         65 00104$:
      00000E 01 2F                   66 	mov	a, #0x01
      000010r80r0B                   67 	mov	p, a
      000012                         68 00105$:
      000012 00 2F                   69 	mov	a, #0x00
      000014r80r13                   70 	xch	a, p
                                     71 ;	./../../include/ctype.h: 54: }
      000016 7A 00                   72 	ret
                                     73 	.area CODE
                                     74 	.area CONST
                                     75 	.area CABS (ABS)
