                                      1 ;--------------------------------------------------------
                                      2 ; File Created by SDCC : free open source ANSI-C Compiler
                                      3 ; Version 3.9.1 #11255 (Linux)
                                      4 ;--------------------------------------------------------
                                      5 	.module isspace
                                      6 	.optsdcc -mpdk13
                                      7 	
                                      8 
                                      9 ; default segment ordering in RAM for linker
                                     10 	.area DATA
                                     11 	.area OSEG (OVR,DATA)
                                     12 
                                     13 ;--------------------------------------------------------
                                     14 ; Public variables in this module
                                     15 ;--------------------------------------------------------
                                     16 	.globl _isspace_PARM_1
                                     17 	.globl _isspace
                                     18 ;--------------------------------------------------------
                                     19 ; special function registers
                                     20 ;--------------------------------------------------------
                                     21 	.area RSEG (ABS)
      000000                         22 	.org 0x0000
                                     23 ;--------------------------------------------------------
                                     24 ; ram data
                                     25 ;--------------------------------------------------------
                                     26 	.area DATA
      000000                         27 _isspace_PARM_1:
      000000                         28 	.ds 2
                                     29 ;--------------------------------------------------------
                                     30 ; overlayable items in ram 
                                     31 ;--------------------------------------------------------
                                     32 ;--------------------------------------------------------
                                     33 ; absolute external ram data
                                     34 ;--------------------------------------------------------
                                     35 	.area DABS (ABS)
                                     36 ;--------------------------------------------------------
                                     37 ; global & static initialisations
                                     38 ;--------------------------------------------------------
                                     39 	.area HOME
                                     40 	.area GSINIT
                                     41 	.area GSFINAL
                                     42 	.area GSINIT
                                     43 ;--------------------------------------------------------
                                     44 ; Home
                                     45 ;--------------------------------------------------------
                                     46 	.area HOME
                                     47 	.area HOME
                                     48 ;--------------------------------------------------------
                                     49 ; code
                                     50 ;--------------------------------------------------------
                                     51 	.area CODE
                                     52 ;	../isspace.c: 37: int isspace (int c)
                                     53 ;	-----------------------------------------
                                     54 ;	 function isspace
                                     55 ;	-----------------------------------------
      000000                         56 _isspace:
                                     57 ;	../isspace.c: 39: return (c == ' ' || c == '\f' || c == '\n' || c == '\r' || c == '\t' || c == '\v');
      000000r80r0F                   58 	mov	a, _isspace_PARM_1+0
      000002 20 2A                   59 	ceqsn	a, #0x20
      000004r0Cr30                   60 	goto	00142$
      000006r81r0F                   61 	mov	a, _isspace_PARM_1+1
      000008 00 2B                   62 	cneqsn	a, #0x00
      00000Ar4Cr30                   63 	goto	00104$
      00000C                         64 00142$:
      00000Cr80r0F                   65 	mov	a, _isspace_PARM_1+0
      00000E 0C 2A                   66 	ceqsn	a, #0x0c
      000010r18r30                   67 	goto	00143$
      000012r81r0F                   68 	mov	a, _isspace_PARM_1+1
      000014 00 2B                   69 	cneqsn	a, #0x00
      000016r4Cr30                   70 	goto	00104$
      000018                         71 00143$:
      000018r80r0F                   72 	mov	a, _isspace_PARM_1+0
      00001A 0A 2A                   73 	ceqsn	a, #0x0a
      00001Cr24r30                   74 	goto	00144$
      00001Er81r0F                   75 	mov	a, _isspace_PARM_1+1
      000020 00 2B                   76 	cneqsn	a, #0x00
      000022r4Cr30                   77 	goto	00104$
      000024                         78 00144$:
      000024r80r0F                   79 	mov	a, _isspace_PARM_1+0
      000026 0D 2A                   80 	ceqsn	a, #0x0d
      000028r30r30                   81 	goto	00145$
      00002Ar81r0F                   82 	mov	a, _isspace_PARM_1+1
      00002C 00 2B                   83 	cneqsn	a, #0x00
      00002Er4Cr30                   84 	goto	00104$
      000030                         85 00145$:
      000030r80r0F                   86 	mov	a, _isspace_PARM_1+0
      000032 09 2A                   87 	ceqsn	a, #0x09
      000034r3Cr30                   88 	goto	00146$
      000036r81r0F                   89 	mov	a, _isspace_PARM_1+1
      000038 00 2B                   90 	cneqsn	a, #0x00
      00003Ar4Cr30                   91 	goto	00104$
      00003C                         92 00146$:
      00003Cr80r0F                   93 	mov	a, _isspace_PARM_1+0
      00003E 0B 2A                   94 	ceqsn	a, #0x0b
      000040r48r30                   95 	goto	00147$
      000042r81r0F                   96 	mov	a, _isspace_PARM_1+1
      000044 00 2B                   97 	cneqsn	a, #0x00
      000046r4Cr30                   98 	goto	00104$
      000048                         99 00147$:
      000048r00r13                  100 	clear	p
      00004Ar50r30                  101 	goto	00105$
      00004C                        102 00104$:
      00004C 01 2F                  103 	mov	a, #0x01
      00004Er80r0B                  104 	mov	p, a
      000050                        105 00105$:
      000050 00 2F                  106 	mov	a, #0x00
      000052r80r13                  107 	xch	a, p
                                    108 ;	../isspace.c: 40: }
      000054 7A 00                  109 	ret
                                    110 	.area CODE
                                    111 	.area CONST
                                    112 	.area CABS (ABS)
